\# Program start time:     UTC 2025.05.12 14:14:43.076
\# Local time: GMT+2 (UTC+02:00) 2025.05.12 16:14:43.076
\o Program:                       @(#)$CDS: Virtuoso Studio version IC25.1-64b 05/06/2025 17:30 (cpgbld33) $
\o Hierarchy:                    /grid/cic/IC25.1/dev/lnx86/64/250506-539/tools.lnx86/dfII/
\o Sub version:                sub-version  IC25.1-64b.dev.539  (64-bit addresses)
\# Command line:          /grid/cic/IC25.1/dev/lnx86/64/latest_download/tools.lnx86/dfII/bin/64bit/virtuoso
\# Host name (type):     eu-awr-kvm1 (x86_64)
\# Operating system:    Linux 4.18.0-305.el8.x86_64 #1 SMP Thu Apr 29 08:54:30 EDT 2021
\# Linux /etc/issue:       \S
\# Linux /etc/issue:       Kernel \r on an \m
\# X display name (WxH):            eu-awr-kvm1:1.0 (3440x1369)
\# Available geometry:                                TL(0:27) BR(3439:1368)
\# X server:                                        The X.Org Foundation
\# Depth of Visual (Root):            24 (24)
\# Number of Planes Used:        24
\# X version:                      11.0 (vendor release 12010000)
\# X resource pool:         base 0x4000000, mask 0x1fffff (2097151), shift 0
\#                                            current id 0x0, current max 0x1ffffa (2097146)
\# Max data seg size:         unlimited
\# Max process size:          unlimited
\# Initial sbrk value:               797 MB
\# Available memory:       378,088 MB
\# System memory:          584,302 MB
\# Maximum memory size:            583,696 MB
\# Max mem available:     378,278 MB
\# Initial memory used:                       190 MB
\#        process size:              1,798 MB
\# Thread usage limits (effective/default):         maxthreads 1812779/1812779 maxload 40.00/40.00
\# Qt version:                    5.15.9
\# Window Manager:     Xfwm4
\# User Name:                 ffeltrin
\o Working Directory:   eu-awr-kvm1:/servers/awr_store/ffeltrin/sj_vdl
\# Process Id:                   2872563
\o
\o COPYRIGHT (C) 1992-2025  CADENCE DESIGN SYSTEMS INC.  ALL RIGHTS RESERVED.
\o           (C) 1992-2025  UNIX SYSTEMS Laboratories INC.,
\o                          Reproduced with permission.
\o
\o This Cadence Design Systems program and online documentation are
\o proprietary/confidential information and may be disclosed/used only
\o as authorized in a license agreement controlling such use and disclosure.
\o
\o           RESTRICTED RIGHTS NOTICE (SHORT FORM)
\o Use/reproduction/disclosure is subject to restriction
\o set forth at FAR 1252.227-19 or its equivalent.
\o Loading geView.cxt
\o Loading menuBuilder.cxt
\o Loading im.cxt
\o Loading schView.cxt
\o Loading selectSv.cxt
\o Loading pegasusui.cxt
\o Loading wireEdit.cxt
\o Loading pte2.cxt
\o Loading xlUI.cxt
\o Loading auCore.cxt
\o Loading vhdl.cxt
\o Loading ci.cxt
\o Loading layers.cxt
\o Loading ams.cxt
\o Loading adexlDM.cxt
\o Loading cpf.cxt
\o Loading cli.cxt
\o Loading vem.cxt
\o Loading lp.cxt
\o Loading hmp.cxt
\o Loading sipLayout.cxt
\o Loading viva.cxt
\o Loading diagCenter.cxt
\o INFO (ELI-00333) License program mode is Virtuoso.
\# [16:14:43.072091] Configured Lic search path (25.01-s002): 5280@sjflex1:5281@sjflex2:27005@sjflex4
\o Virtuoso Framework License (111) was checked out successfully. Total checkout time was 0.91s.
\# Memory report: using         338 MB, process size 2,016 MB at UTC 2025.05.12 14:14:49.013
\w *WARNING* COMBINE attribute library not defined
\w  library: 'mwoLib' file: '/servers/awr_store/ffeltrin/sj_vdl/cds.lib', line: 31
\p >
\o Loading le.cxt
\o Loading tilp.cxt
\o Loading validator.cxt
\o Loading vrf.cxt
\o Loading multiTechPlugin.cxt
\o Loading exportDie.cxt
\o Loading hydraVmt.cxt
\# Loading perfDiag...
\# (PerfDiag): Set GDB path to environment variable 'gdbPath' (gdb).
\o The Health Monitor tool is installed. You can access it from CIW - Tools - Diagnostic Center or use the shell command 'cdsPerfDiag -p 2872563' to open it when Virtuoso freezes.
\o Virtuoso has launched. For more information, open CIW - Tools - Diagnostic Center - Performance Tab - Check SKILL - Virtuoso Launch.
\o   Virtuoso initialization   6.85s
\o   Custom initialization     1.66s
\o   Total                     8.51s
\# (PerfDiag): Use backtrace from GLIBC.
\a hiResizeWindow(window(1) list(659:412 1571:768))
\r t
\# Available memory:        378,067 MB at UTC 2025.05.12 14:14:55.790
\# Memory report: Maximum memory size now 378,452 MB at UTC 2025.05.12 14:14:55.790
\# Thread usage report: 19 active threads, active load 1.40 at UTC 2025.05.12 14:14:55.790
\a envSetVal("ui" "ciwCmdInputLines" 'int 4)
\# [16:14:57.413233] Periodic Lic check successful
\# [16:14:57.937560] Feature usage summary:
\# [16:14:57.937561] 111 
\# [16:14:57.937563] Virtuoso_Adv_Node_Framework 
\r t
\a hiResizeWindow(window(1) list(659:323 1587:768))
\r t
\i getShellEnvVar("MWO_ROOT")
\# picking up the ile from MWO ROOT
\i             load( strcat( getShellEnvVar("MWO_ROOT") "/tools.lnx86/dfII/etc/skill/awr/awrVDL.ile") "vsrf" )
\#            load( "/grid/cic/awr/V19/full/daily/latest/tools.lnx86/dfII/etc/skill/awr/awrVDL.ile"  "vsrf" )
\t t
\p >
\a hiiSetCurrentForm('MPSNameForm)
\r t
\a hiFormDone(MPSNameForm)
\o Loading oasis.cxt
\o Loading analog.cxt
\o Loading asimenv.cxt
\o Loading mmsimenv.cxt
\r Mps service 'ffeltrin' exported for VDLt
\o "Successly established a connection with MWO"
\o "Connection details:"
\o ToolName= mwoServer, serviceName=mwoServerService, sessionName=ffeltrin version=v1.0,
\# Memory report: using         440 MB, process size 2,434 MB at UTC 2025.05.12 14:37:28.793
\# Memory report: using         644 MB, process size 4,235 MB at UTC 2025.05.12 14:37:29.770
\# ADE Explorer session 'fnxSession0' started on Mon May 12 16:37:29 2025
\# Memory report: using         745 MB, process size 4,529 MB at UTC 2025.05.12 14:37:32.213
\# [16:37:33.300003] Periodic Lic check successful
\# [16:37:33.300064] Feature usage summary:
\# [16:37:33.300065] 111 
\# [16:37:33.300065] Virtuoso_ADE_Explorer 
\# [16:37:33.300065] skillDev 
\# [16:37:33.300066] Virtuoso_Adv_Node_Framework 
\o Loading adexlCore.cxt
\o Loading dal.cxt
\o Loading awv.cxt
\o Loading socket.cxt
\o Loading par.cxt
\o Loading alvs.cxt
\o Loading caa.cxt
\o Loading amps.cxt
\o Loading photonics.cxt
\o Loading adexl.cxt
\o Loading vdsil.cxt
\o Loading te.cxt
\o Loading schHDL.cxt
\o Loading elec.cxt
\o Loading vqp.cxt
\o Loading simui.cxt
\o *WARNING* The Virtuoso Analog Design Environment (ADE) creates a user interface (UI) to match the features of the particular
\o version of MMSIM you are using. The software could not find the 'feature file' in the MMSIM hierarchy that lists the features
\o available in this version of MMSIM. You might be using a wrapper script around spectre such that 'which spectre' returns
\o your wrapper script and not spectre in the MMSIM hierarchy. For now, ADE will create a UI to match the latest version
\o of spectre. If you are using an older version and do not want to see the UI for features that are not available in
\o that version, you can set the following variable according to spectre version you are using:
\o setenv  SPECTRE_FEATURE_FILE /home/pathForMMSIM/tools/spectre/etc/files/spectre.dat
\o
\o *WARNING* The Virtuoso Analog Design Environment (ADE) creates a user interface (UI) to match the features of the particular
\o version of MMSIM you are using. The software could not find the 'feature file' in the MMSIM hierarchy that lists the features
\o available in this version of MMSIM. You might be using a wrapper script around spectre such that 'which spectre' returns
\o your wrapper script and not spectre in the MMSIM hierarchy. For now, ADE will create a UI to match the latest version
\o of spectre. If you are using an older version and do not want to see the UI for features that are not available in
\o that version, you can set the following variable according to spectre version you are using:
\o setenv  SPECTRE_FEATURE_FILE /home/pathForMMSIM/tools/spectre/etc/files/spectre.dat
\o
\o *WARNING* COMBINE attribute library not defined
\o  library: 'mwoLib' file: '/servers/awr_store/ffeltrin/sj_vdl/cds.lib', line: 31
\o Loading spectrei.cxt
\o Loading devCheck.cxt
\o Loading relXpert.cxt
\o *WARNING* The Virtuoso Analog Design Environment (ADE) creates a user interface (UI) to match the features of the particular
\o version of MMSIM you are using. The software could not find the 'feature file' in the MMSIM hierarchy that lists the features
\o available in this version of MMSIM. You might be using a wrapper script around spectre such that 'which spectre' returns
\o your wrapper script and not spectre in the MMSIM hierarchy. For now, ADE will create a UI to match the latest version
\o of spectre. If you are using an older version and do not want to see the UI for features that are not available in
\o that version, you can set the following variable according to spectre version you are using:
\o setenv  SPECTRE_FEATURE_FILE /home/pathForMMSIM/tools/spectre/etc/files/spectre.dat
\o
\o *WARNING* The Virtuoso Analog Design Environment (ADE) creates a user interface (UI) to match the features of the particular
\o version of MMSIM you are using. The software could not find the 'feature file' in the MMSIM hierarchy that lists the features
\o available in this version of MMSIM. You might be using a wrapper script around spectre such that 'which spectre' returns
\o your wrapper script and not spectre in the MMSIM hierarchy. For now, ADE will create a UI to match the latest version
\o of spectre. If you are using an older version and do not want to see the UI for features that are not available in
\o that version, you can set the following variable according to spectre version you are using:
\o setenv  SPECTRE_FEATURE_FILE /home/pathForMMSIM/tools/spectre/etc/files/spectre.dat
\o
\o Loading adpServer.cxt
\o Loading hspiceD.cxt
\o Loading spectreinl.cxt
\o Loading msgHandler.cxt
\o Loading UltraSim.cxt
\o Loading AMSOSS.cxt
\o Loading AMS.cxt
\o Resetting statistical vars
\o Setting var temperature = "27"
\o Setting temp(T) = 27
\o generate netlist...
\o Loading hnlInit.cxt
\o Loading seCore.cxt
\o Initializing the control file using cp:
\o     cp /grid/cic/IC25.1/dev/lnx86/64/250506-539/tools.lnx86/dfII/etc/si/control.spectre /home/ffeltrin/.awr/19.0/vdl/vdl_bus_bundle_not_working/bus_bundle_tb.X1/netlist/control
\o Copying Spectre source file 'spectre.inp'
\o Copying Spectre command file 'spectre.sim'
\o Begin Full Re-Netlisting May 12 16:37:33 2025
\o INFO : The user has set 'nlReNetlistAll', Incremental Netlisting will be  disabled and full design shall be renetlisted. Full renetlisting  may cause performance impact. You can enable Incremental Netlisting by setting 'nlReNetlistAll' flag to nil in your .simrc file.
\o Loading json.cxt
\o End netlisting May 12 16:37:33 2025
\o Loading monte.cxt
\o
\o Netlisting Statistics:
\o            Number of components:    5
\o
\o            Elapsed time:          0.0s
\o Errors: 0         Warnings: 0
\o       ...successful.
\o compose simulator input file...
\o       ...successful.
\# ADE Explorer session 'fnxSession0' closed on Mon May 12 16:37:35 2025
